data/knowledgeBase.ts(45,71): error TS2322: Type '"Skill"' is not assignable to type '"Language" | "Framework" | "Tool" | "Concept" | "Core" | "Soft Skill" | "Domain"'.
index.tsx(8,10): error TS2339: Property 'state' does not exist on type 'ErrorBoundary'.
index.tsx(20,14): error TS2339: Property 'state' does not exist on type 'ErrorBoundary'.
index.tsx(25,19): error TS2339: Property 'state' does not exist on type 'ErrorBoundary'.
index.tsx(37,17): error TS2339: Property 'props' does not exist on type 'ErrorBoundary'.
services/geminiService.ts(4,28): error TS2339: Property 'env' does not exist on type 'ImportMeta'.
